// Jest Snapshot v1, https://goo.gl/fbAQLP

exports[`<RealTimeProvider /> should render 1`] = `
<RealTimeProvider
  connector={
    Object {
      "subscribe": [Function],
      "unsubscribe": [MockFunction],
    }
  }
>
  <RealTimeChannel
    name="test"
  >
    <MyComponent>
      <span>
        Test
      </span>
    </MyComponent>
  </RealTimeChannel>
</RealTimeProvider>
`;
